
SQL*Loader: Release 11.2.0.2.0 - Production on Sun Aug 16 11:31:31 2026

Copyright (c) 1982, 2009, Oracle and/or its affiliates.  All rights reserved.

Control File:   C:\Users\laoli\Downloads\datawarehouseAnalysis\sqlloader_control_files\branch_utils_category.ctl
Data File:      branch_utils_category.csv
  Bad File:     branch_utils_category.bad
  Discard File: branch_utils_category.dsc 
 (Allow all discards)

Number to load: ALL
Number to skip: 1
Errors allowed: 50
Bind array:     5000 rows, maximum of 256000 bytes
Continuation:    none specified
Path used:      Conventional

Table BRANCH_UTILS_CATEGORY, loaded from every logical record.
Insert option in effect for this table: APPEND
TRAILING NULLCOLS option in effect

   Column Name                  Position   Len  Term Encl Datatype
------------------------------ ---------- ----- ---- ---- ---------------------
BR_UTILS_ID                         FIRST     *   ,  O(") CHARACTER            
UTIL_NAME                            NEXT     *   ,  O(") CHARACTER            

value used for ROWS parameter changed from 5000 to 496

Table BRANCH_UTILS_CATEGORY:
  0 Rows successfully loaded.
  0 Rows not loaded due to data errors.
  0 Rows not loaded because all WHEN clauses were failed.
  0 Rows not loaded because all fields were null.


Space allocated for bind array:                 255936 bytes(496 rows)
Read   buffer bytes: 1048576

Total logical records skipped:          1
Total logical records read:             0
Total logical records rejected:         0
Total logical records discarded:        0

Run began on Sun Aug 16 11:31:31 2026
Run ended on Sun Aug 16 11:31:31 2026

Elapsed time was:     00:00:00.14
CPU time was:         00:00:00.10
