
SQL*Loader: Release 11.2.0.2.0 - Production on Sun Aug 16 11:31:31 2026

Copyright (c) 1982, 2009, Oracle and/or its affiliates.  All rights reserved.

Control File:   C:\Users\laoli\Downloads\datawarehouseAnalysis\sqlloader_control_files\customer.ctl
Data File:      customer.csv
  Bad File:     customer.bad
  Discard File: customer.dsc 
 (Allow all discards)

Number to load: ALL
Number to skip: 1
Errors allowed: 50
Bind array:     5000 rows, maximum of 256000 bytes
Continuation:    none specified
Path used:      Conventional

Table CUSTOMER, loaded from every logical record.
Insert option in effect for this table: APPEND
TRAILING NULLCOLS option in effect

   Column Name                  Position   Len  Term Encl Datatype
------------------------------ ---------- ----- ---- ---- ---------------------
CUS_ID                              FIRST     *   ,  O(") CHARACTER            
CUS_FIRST_NAME                       NEXT     *   ,  O(") CHARACTER            
CUS_LAST_NAME                        NEXT     *   ,  O(") CHARACTER            
CUS_AGE                              NEXT     *   ,  O(") CHARACTER            
CUS_GENDER                           NEXT     *   ,  O(") CHARACTER            
CUS_PHONE                            NEXT     *   ,  O(") CHARACTER            
CUS_DOB                              NEXT     *   ,  O(") DATE YYYY-MM-DD      
CUS_EMAIL                            NEXT     *   ,  O(") CHARACTER            
CUS_LOYALTY_TIER                     NEXT     *   ,  O(") CHARACTER            
CUS_ADDRESS_LINE                     NEXT     *   ,  O(") CHARACTER            
CUS_CITY                             NEXT     *   ,  O(") CHARACTER            
CUS_STATE                            NEXT     *   ,  O(") CHARACTER            
CUS_POSTCODE                         NEXT     *   ,  O(") CHARACTER            
CUS_REG_DATE                         NEXT     *   ,  O(") DATE YYYY-MM-DD      

value used for ROWS parameter changed from 5000 to 70

Table CUSTOMER:
  6000 Rows successfully loaded.
  0 Rows not loaded due to data errors.
  0 Rows not loaded because all WHEN clauses were failed.
  0 Rows not loaded because all fields were null.


Space allocated for bind array:                 252840 bytes(70 rows)
Read   buffer bytes: 1048576

Total logical records skipped:          1
Total logical records read:          6000
Total logical records rejected:         0
Total logical records discarded:        0

Run began on Sun Aug 16 11:31:31 2026
Run ended on Sun Aug 16 11:31:32 2026

Elapsed time was:     00:00:00.59
CPU time was:         00:00:00.15
