
SQL*Loader: Release 11.2.0.2.0 - Production on Sun Aug 16 11:31:33 2026

Copyright (c) 1982, 2009, Oracle and/or its affiliates.  All rights reserved.

Control File:   C:\Users\laoli\Downloads\datawarehouseAnalysis\sqlloader_control_files\orders.ctl
Data File:      orders.csv
  Bad File:     orders.bad
  Discard File: orders.dsc 
 (Allow all discards)

Number to load: ALL
Number to skip: 1
Errors allowed: 50
Bind array:     5000 rows, maximum of 256000 bytes
Continuation:    none specified
Path used:      Conventional

Table ORDERS, loaded from every logical record.
Insert option in effect for this table: APPEND
TRAILING NULLCOLS option in effect

   Column Name                  Position   Len  Term Encl Datatype
------------------------------ ---------- ----- ---- ---- ---------------------
ORDER_ID                            FIRST     *   ,  O(") CHARACTER            
CUS_ID                               NEXT     *   ,  O(") CHARACTER            
BR_ID                                NEXT     *   ,  O(") CHARACTER            
ST_ID                                NEXT     *   ,  O(") CHARACTER            
ORDER_DATE                           NEXT     *   ,  O(") DATE YYYY-MM-DD      
ORDER_STATUS                         NEXT     *   ,  O(") CHARACTER            

value used for ROWS parameter changed from 5000 to 165

Table ORDERS:
  129239 Rows successfully loaded.
  0 Rows not loaded due to data errors.
  0 Rows not loaded because all WHEN clauses were failed.
  0 Rows not loaded because all fields were null.


Space allocated for bind array:                 255420 bytes(165 rows)
Read   buffer bytes: 1048576

Total logical records skipped:          1
Total logical records read:        129239
Total logical records rejected:         0
Total logical records discarded:        0

Run began on Sun Aug 16 11:31:33 2026
Run ended on Sun Aug 16 11:31:38 2026

Elapsed time was:     00:00:05.06
CPU time was:         00:00:00.90
