
SQL*Loader: Release 11.2.0.2.0 - Production on Sun Aug 16 11:31:38 2026

Copyright (c) 1982, 2009, Oracle and/or its affiliates.  All rights reserved.

Control File:   C:\Users\laoli\Downloads\datawarehouseAnalysis\sqlloader_control_files\order_detail.ctl
Data File:      order_detail.csv
  Bad File:     order_detail.bad
  Discard File: order_detail.dsc 
 (Allow all discards)

Number to load: ALL
Number to skip: 1
Errors allowed: 50
Bind array:     5000 rows, maximum of 256000 bytes
Continuation:    none specified
Path used:      Conventional

Table ORDER_DETAIL, loaded from every logical record.
Insert option in effect for this table: APPEND
TRAILING NULLCOLS option in effect

   Column Name                  Position   Len  Term Encl Datatype
------------------------------ ---------- ----- ---- ---- ---------------------
ORDER_DET_ID                        FIRST     *   ,  O(") CHARACTER            
ORDER_ID                             NEXT     *   ,  O(") CHARACTER            
PRODUCT_ID                           NEXT     *   ,  O(") CHARACTER            
ORDER_QUANTITY                       NEXT     *   ,  O(") CHARACTER            
ORDER_UNIT_PRICE                     NEXT     *   ,  O(") CHARACTER            
ORDER_DISCOUNT                       NEXT     *   ,  O(") CHARACTER            
ORDER_TAX                            NEXT     *   ,  O(") CHARACTER            

value used for ROWS parameter changed from 5000 to 141

Table ORDER_DETAIL:
  285944 Rows successfully loaded.
  0 Rows not loaded due to data errors.
  0 Rows not loaded because all WHEN clauses were failed.
  0 Rows not loaded because all fields were null.


Space allocated for bind array:                 254646 bytes(141 rows)
Read   buffer bytes: 1048576

Total logical records skipped:          1
Total logical records read:        285944
Total logical records rejected:         0
Total logical records discarded:        0

Run began on Sun Aug 16 11:31:38 2026
Run ended on Sun Aug 16 11:31:47 2026

Elapsed time was:     00:00:09.03
CPU time was:         00:00:02.08
