
SQL*Loader: Release 11.2.0.2.0 - Production on Sat Aug 15 13:30:14 2026

Copyright (c) 1982, 2009, Oracle and/or its affiliates.  All rights reserved.

Control File:   C:\Users\laoli\Downloads\datawarehouseAnalysis\sqlloader_control_files\reservation_detail.ctl
Data File:      reservation_detail.csv
  Bad File:     reservation_detail.bad
  Discard File: reservation_detail.dsc 
 (Allow all discards)

Number to load: ALL
Number to skip: 1
Errors allowed: 50
Bind array:     5000 rows, maximum of 256000 bytes
Continuation:    none specified
Path used:      Conventional

Table RESERVATION_DETAIL, loaded from every logical record.
Insert option in effect for this table: APPEND
TRAILING NULLCOLS option in effect

   Column Name                  Position   Len  Term Encl Datatype
------------------------------ ---------- ----- ---- ---- ---------------------
RES_DET_ID                          FIRST     *   ,  O(") CHARACTER            
RES_ID                               NEXT     *   ,  O(") CHARACTER            
ST_ID                                NEXT     *   ,  O(") CHARACTER            
SERV_ID                              NEXT     *   ,  O(") CHARACTER            
START_TIME                           NEXT     *   ,  O(") DATE YYYY-MM-DD HH24:MI:SS
END_TIME                             NEXT     *   ,  O(") DATE YYYY-MM-DD HH24:MI:SS
SERV_DISCOUNT                        NEXT     *   ,  O(") CHARACTER            
SERV_TAX                             NEXT     *   ,  O(") CHARACTER            

value used for ROWS parameter changed from 5000 to 124

Table RESERVATION_DETAIL:
  88790 Rows successfully loaded.
  0 Rows not loaded due to data errors.
  0 Rows not loaded because all WHEN clauses were failed.
  0 Rows not loaded because all fields were null.


Space allocated for bind array:                 255936 bytes(124 rows)
Read   buffer bytes: 1048576

Total logical records skipped:          1
Total logical records read:         88790
Total logical records rejected:         0
Total logical records discarded:        0

Run began on Sat Aug 15 13:30:14 2026
Run ended on Sat Aug 15 13:30:18 2026

Elapsed time was:     00:00:03.97
CPU time was:         00:00:00.98
