
SQL*Loader: Release 11.2.0.2.0 - Production on Sat Aug 15 22:07:10 2026

Copyright (c) 1982, 2009, Oracle and/or its affiliates.  All rights reserved.

Control File:   C:\Users\laoli\Downloads\datawarehouseAnalysis\sqlloader_control_files\reservation.ctl
Data File:      reservation.csv
  Bad File:     reservation.bad
  Discard File: reservation.dsc 
 (Allow all discards)

Number to load: ALL
Number to skip: 1
Errors allowed: 50
Bind array:     5000 rows, maximum of 256000 bytes
Continuation:    none specified
Path used:      Conventional

Table RESERVATION, loaded from every logical record.
Insert option in effect for this table: APPEND
TRAILING NULLCOLS option in effect

   Column Name                  Position   Len  Term Encl Datatype
------------------------------ ---------- ----- ---- ---- ---------------------
RES_ID                              FIRST     *   ,  O(") CHARACTER            
CUS_ID                               NEXT     *   ,  O(") CHARACTER            
BR_ID                                NEXT     *   ,  O(") CHARACTER            
BOOKING_DATE                         NEXT     *   ,  O(") DATE YYYY-MM-DD      
RES_STATUS                           NEXT     *   ,  O(") CHARACTER            

value used for ROWS parameter changed from 5000 to 198

Table RESERVATION:
  54553 Rows successfully loaded.
  0 Rows not loaded due to data errors.
  0 Rows not loaded because all WHEN clauses were failed.
  0 Rows not loaded because all fields were null.


Space allocated for bind array:                 255420 bytes(198 rows)
Read   buffer bytes: 1048576

Total logical records skipped:          1
Total logical records read:         54553
Total logical records rejected:         0
Total logical records discarded:        0

Run began on Sat Aug 15 22:07:10 2026
Run ended on Sat Aug 15 22:07:12 2026

Elapsed time was:     00:00:02.14
CPU time was:         00:00:00.40
