
SQL*Loader: Release 11.2.0.2.0 - Production on Sat Aug 15 22:06:53 2026

Copyright (c) 1982, 2009, Oracle and/or its affiliates.  All rights reserved.

Control File:   C:\Users\laoli\Downloads\datawarehouseAnalysis\sqlloader_control_files\salary_payment.ctl
Data File:      salary_payment.csv
  Bad File:     salary_payment.bad
  Discard File: salary_payment.dsc 
 (Allow all discards)

Number to load: ALL
Number to skip: 1
Errors allowed: 50
Bind array:     5000 rows, maximum of 256000 bytes
Continuation:    none specified
Path used:      Conventional

Table SALARY_PAYMENT, loaded from every logical record.
Insert option in effect for this table: APPEND
TRAILING NULLCOLS option in effect

   Column Name                  Position   Len  Term Encl Datatype
------------------------------ ---------- ----- ---- ---- ---------------------
SAL_PAY_ID                          FIRST     *   ,  O(") CHARACTER            
ST_ID                                NEXT     *   ,  O(") CHARACTER            
PAY_PERIOD                           NEXT     *   ,  O(") CHARACTER            
BASE_AMOUNT                          NEXT     *   ,  O(") CHARACTER            
BONUS_AMOUNT                         NEXT     *   ,  O(") CHARACTER            
DEDUCTION_AMOUNT                     NEXT     *   ,  O(") CHARACTER            
PAYMENT_DATE                         NEXT     *   ,  O(") DATE YYYY-MM-DD      

value used for ROWS parameter changed from 5000 to 141

Table SALARY_PAYMENT:
  2646 Rows successfully loaded.
  0 Rows not loaded due to data errors.
  0 Rows not loaded because all WHEN clauses were failed.
  0 Rows not loaded because all fields were null.


Space allocated for bind array:                 254646 bytes(141 rows)
Read   buffer bytes: 1048576

Total logical records skipped:          1
Total logical records read:          2646
Total logical records rejected:         0
Total logical records discarded:        0

Run began on Sat Aug 15 22:06:53 2026
Run ended on Sat Aug 15 22:06:53 2026

Elapsed time was:     00:00:00.27
CPU time was:         00:00:00.09
