
SQL*Loader: Release 11.2.0.2.0 - Production on Sat Aug 15 21:43:54 2026

Copyright (c) 1982, 2009, Oracle and/or its affiliates.  All rights reserved.

Control File:   C:\Users\laoli\Downloads\datawarehouseAnalysis\sqlloader_control_files\service.ctl
Data File:      service.csv
  Bad File:     service.bad
  Discard File: service.dsc 
 (Allow all discards)

Number to load: ALL
Number to skip: 1
Errors allowed: 50
Bind array:     5000 rows, maximum of 256000 bytes
Continuation:    none specified
Path used:      Conventional

Table SERVICE, loaded from every logical record.
Insert option in effect for this table: APPEND
TRAILING NULLCOLS option in effect

   Column Name                  Position   Len  Term Encl Datatype
------------------------------ ---------- ----- ---- ---- ---------------------
SERV_ID                             FIRST     *   ,  O(") CHARACTER            
SERV_NAME                            NEXT     *   ,  O(") CHARACTER            
SERV_CATEGORY                        NEXT     *   ,  O(") CHARACTER            
SERV_DESCRIPTION                     NEXT     *   ,  O(") CHARACTER            
SERV_PRICE                           NEXT     *   ,  O(") CHARACTER            

value used for ROWS parameter changed from 5000 to 198

Table SERVICE:
  16 Rows successfully loaded.
  0 Rows not loaded due to data errors.
  0 Rows not loaded because all WHEN clauses were failed.
  0 Rows not loaded because all fields were null.


Space allocated for bind array:                 255420 bytes(198 rows)
Read   buffer bytes: 1048576

Total logical records skipped:          1
Total logical records read:            16
Total logical records rejected:         0
Total logical records discarded:        0

Run began on Sat Aug 15 21:43:54 2026
Run ended on Sat Aug 15 21:43:54 2026

Elapsed time was:     00:00:00.15
CPU time was:         00:00:00.06
