
SQL*Loader: Release 11.2.0.2.0 - Production on Sun Aug 16 11:31:31 2026

Copyright (c) 1982, 2009, Oracle and/or its affiliates.  All rights reserved.

Control File:   C:\Users\laoli\Downloads\datawarehouseAnalysis\sqlloader_control_files\staff.ctl
Data File:      staff.csv
  Bad File:     staff.bad
  Discard File: staff.dsc 
 (Allow all discards)

Number to load: ALL
Number to skip: 1
Errors allowed: 50
Bind array:     5000 rows, maximum of 256000 bytes
Continuation:    none specified
Path used:      Conventional

Table STAFF, loaded from every logical record.
Insert option in effect for this table: APPEND
TRAILING NULLCOLS option in effect

   Column Name                  Position   Len  Term Encl Datatype
------------------------------ ---------- ----- ---- ---- ---------------------
ST_ID                               FIRST     *   ,  O(") CHARACTER            
BR_ID                                NEXT     *   ,  O(") CHARACTER            
ST_FIRST_NAME                        NEXT     *   ,  O(") CHARACTER            
ST_LAST_NAME                         NEXT     *   ,  O(") CHARACTER            
ST_ROLE                              NEXT     *   ,  O(") CHARACTER            
ST_POSITION                          NEXT     *   ,  O(") CHARACTER            
ST_ADDRESS_LINE                      NEXT     *   ,  O(") CHARACTER            
ST_CITY                              NEXT     *   ,  O(") CHARACTER            
ST_STATE                             NEXT     *   ,  O(") CHARACTER            
ST_POSTCODE                          NEXT     *   ,  O(") CHARACTER            
ST_DOB                               NEXT     *   ,  O(") DATE YYYY-MM-DD      
ST_GENDER                            NEXT     *   ,  O(") CHARACTER            
ST_EMAIL                             NEXT     *   ,  O(") CHARACTER            
ST_PHONE                             NEXT     *   ,  O(") CHARACTER            
ST_HIRE_DATE                         NEXT     *   ,  O(") DATE YYYY-MM-DD      
ST_SALARY                            NEXT     *   ,  O(") CHARACTER            
ST_STATUS                            NEXT     *   ,  O(") CHARACTER            

value used for ROWS parameter changed from 5000 to 58

Table STAFF:
  18 Rows successfully loaded.
  0 Rows not loaded due to data errors.
  0 Rows not loaded because all WHEN clauses were failed.
  0 Rows not loaded because all fields were null.


Space allocated for bind array:                 254388 bytes(58 rows)
Read   buffer bytes: 1048576

Total logical records skipped:          1
Total logical records read:            18
Total logical records rejected:         0
Total logical records discarded:        0

Run began on Sun Aug 16 11:31:31 2026
Run ended on Sun Aug 16 11:31:31 2026

Elapsed time was:     00:00:00.19
CPU time was:         00:00:00.06
