
SQL*Loader: Release 11.2.0.2.0 - Production on Sat Aug 15 21:43:54 2026

Copyright (c) 1982, 2009, Oracle and/or its affiliates.  All rights reserved.

Control File:   C:\Users\laoli\Downloads\datawarehouseAnalysis\sqlloader_control_files\supplier.ctl
Data File:      supplier.csv
  Bad File:     supplier.bad
  Discard File: supplier.dsc 
 (Allow all discards)

Number to load: ALL
Number to skip: 1
Errors allowed: 50
Bind array:     5000 rows, maximum of 256000 bytes
Continuation:    none specified
Path used:      Conventional

Table SUPPLIER, loaded from every logical record.
Insert option in effect for this table: APPEND
TRAILING NULLCOLS option in effect

   Column Name                  Position   Len  Term Encl Datatype
------------------------------ ---------- ----- ---- ---- ---------------------
SUP_ID                              FIRST     *   ,  O(") CHARACTER            
SUP_NAME                             NEXT     *   ,  O(") CHARACTER            
SUP_PHONE                            NEXT     *   ,  O(") CHARACTER            
SUP_EMAIL                            NEXT     *   ,  O(") CHARACTER            

value used for ROWS parameter changed from 5000 to 248

Table SUPPLIER:
  6 Rows successfully loaded.
  0 Rows not loaded due to data errors.
  0 Rows not loaded because all WHEN clauses were failed.
  0 Rows not loaded because all fields were null.


Space allocated for bind array:                 255936 bytes(248 rows)
Read   buffer bytes: 1048576

Total logical records skipped:          1
Total logical records read:             6
Total logical records rejected:         0
Total logical records discarded:        0

Run began on Sat Aug 15 21:43:54 2026
Run ended on Sat Aug 15 21:43:54 2026

Elapsed time was:     00:00:00.17
CPU time was:         00:00:00.10
